// Jest Snapshot v1, https://goo.gl/fbAQLP

exports[`ProductCard Component render 1`] = `
<DocumentFragment>
  <div
    class="sc-bdvvtL bdBpPQ"
  >
    <div
      aria-label="Premium Komfortmatratze Smood"
      class="sc-bdvvtL dWIBzz"
      height="auto"
      overflow="hidden"
      role="img"
    >
      <img
        alt="Premium Komfortmatratze Smood"
        src="https://cdn1.home24.net/images/media/catalog/product/200x200/png/m/a/matratzenbezug-smood-webstoff-180-x-200cm-3477221.webp"
        width="100%"
      />
    </div>
    <div
      class="sc-bdvvtL fBFXZO"
      height="75px"
    >
      <div
        class="sc-dkPtRN doDUdL"
        data-testid="product-name"
        font-family="primary"
        font-size="md"
        font-weight="bold"
      >
        Premium Komfortmatratze Smood
      </div>
    </div>
    <div
      class="sc-bdvvtL sc-gsDKAQ bLfgpG"
      display="flex"
    >
      <div
        class="sc-bdvvtL eTFxBV"
      >
        <div
          class="sc-dkPtRN jNYixi"
          color="primary_600"
          data-testid="product-price"
        >
          569,99 €
        </div>
      </div>
      <div
        class="sc-bdvvtL bVIZhX"
      >
        <button
          aria-label="Add Premium Komfortmatratze Smood to cart"
          aria-pressed="true"
          class="sc-hKwDye foDqhF"
          data-testid="add-button"
          role="button"
          tabindex="0"
          width="100%"
        >
          Add to cart
        </button>
      </div>
    </div>
  </div>
</DocumentFragment>
`;
